// Jest Snapshot v1, https://goo.gl/fbAQLP

exports[`Header Component can render a header 1`] = `
<header>
  <h1>
    Cool Person
  </h1>
  <h2>
    Super
  </h2>
</header>
`;
