// Jest Snapshot v1, https://goo.gl/fbAQLP

exports[`TechStackItem Component can render a TechStackItem 1`] = `
<p>
  im an item
</p>
`;
